// Jest Snapshot v1, https://goo.gl/fbAQLP

exports[`test render 1`] = `
<div
  className="root"
>
  Test
</div>
`;
